{
    "message": "Key: 'Title' Error:Field validation for 'Title'"
}